------------------------------------------------------------
Timing Analyzer Summary
------------------------------------------------------------

Type  : Slow 900mV 100C Model Setup 'clk'
Slack : -4.719
TNS   : -220069.423

Type  : Slow 900mV 100C Model Hold 'clk'
Slack : 0.122
TNS   : 0.000

Type  : Slow 900mV 100C Model Minimum Pulse Width 'clk'
Slack : -1.197
TNS   : -187088.322

Type  : Slow 900mV -40C Model Setup 'clk'
Slack : -4.570
TNS   : -193386.186

Type  : Slow 900mV -40C Model Hold 'clk'
Slack : 0.206
TNS   : 0.000

Type  : Slow 900mV -40C Model Minimum Pulse Width 'clk'
Slack : -1.197
TNS   : -194042.593

Type  : Fast 900mV 100C Model Setup 'clk'
Slack : -2.535
TNS   : -97448.851

Type  : Fast 900mV 100C Model Hold 'clk'
Slack : 0.081
TNS   : 0.000

Type  : Fast 900mV 100C Model Minimum Pulse Width 'clk'
Slack : -0.904
TNS   : -176433.406

Type  : Fast 900mV -40C Model Setup 'clk'
Slack : -2.150
TNS   : -74302.143

Type  : Fast 900mV -40C Model Hold 'clk'
Slack : 0.111
TNS   : 0.000

Type  : Fast 900mV -40C Model Minimum Pulse Width 'clk'
Slack : -0.904
TNS   : -169494.892

------------------------------------------------------------
